* JSON -- JSON Explorer.
* Maps in this set:
*   JSONCONSOLE - The JSON Explorer Console.
*   JSONHELP    - Display the JSON Explorer help test.
*   JSONPRETTY  - Display Pretty Printed JSON.
*   METRICSDEMO - The JSON Demo to display Bricks metrics.
*   JSONTESTS   - Display the result of running the tests.

MAPSET JSON1L

MAP JSONCONSOLE SIZE 43x80
  FIELD           AT 0 ,0   LEN 18  PROT COLOR=YELLOW         "JSON Explorer"
  FIELD FIND_TEXT AT 0 ,28  LEN 15  PROT COLOR=WHITE
  FIELD           AT 0 ,20  LEN 7   PROT COLOR=CYAN    "Search:"
  INPUT SCROLL    AT 0 ,52  LEN 5   UNDERSCORE COLOR=WHITE
  STOP            AT 0 ,58
  FIELD           AT 0 ,44  LEN 7   PROT COLOR=CYAN    "Scroll:"
  FIELD CUR_PAGE  AT 0 ,64  LEN 5   PROT COLOR=WHITE
  FIELD           AT 0 ,58  LEN 5   PROT COLOR=CYAN    "Page:"
  FIELD PAGE_CNT  AT 0 ,74  LEN 4   PROT COLOR=WHITE
  FIELD           AT 0 ,70  LEN 4   PROT COLOR=CYAN    "Of:"

  FIELD JTYPE     AT 1 ,6   LEN 10  PROT COLOR=WHITE
  FIELD           AT 1 ,0   LEN 5   PROT COLOR=CYAN    "Type:"
  FIELD JPATH     AT 1 ,28  LEN 15    PROT COLOR=WHITE
  FIELD           AT 1 ,20  LEN 5   PROT COLOR=CYAN    "Path:"
  FIELD JDEPTH    AT 1 ,52  LEN 4   PROT COLOR=WHITE
  FIELD           AT 1 ,45  LEN 10  PROT COLOR=CYAN    "Depth:"
  FIELD JCOUNT    AT 1 ,64  LEN 4   PROT COLOR=WHITE
  FIELD           AT 1 ,57  LEN 5   PROT COLOR=CYAN    "Count:"
  FIELD JERRORC   AT 1 ,74  LEN 4   PROT COLOR=WHITE
  FIELD           AT 1 ,70  LEN 5   PROT COLOR=CYAN    "RC:"

  FIELD OUTPUT1   AT 2 ,0   LEN 78  PROT COLOR=BLUE
  FIELD OUTPUT2   AT 3 ,0   LEN 78  PROT COLOR=BLUE
  FIELD OUTPUT3   AT 4 ,0   LEN 78  PROT COLOR=BLUE
  FIELD OUTPUT4   AT 5 ,0   LEN 78  PROT COLOR=BLUE
  FIELD OUTPUT5   AT 6 ,0   LEN 78  PROT COLOR=BLUE
  FIELD OUTPUT6   AT 7 ,0   LEN 78  PROT COLOR=BLUE
  FIELD OUTPUT7   AT 8 ,0   LEN 78  PROT COLOR=BLUE
  FIELD OUTPUT8   AT 9 ,0   LEN 78  PROT COLOR=BLUE
  FIELD OUTPUT9   AT 10,0   LEN 78  PROT COLOR=BLUE
  FIELD OUTPUT10  AT 11,0   LEN 78  PROT COLOR=BLUE
  FIELD OUTPUT11  AT 12,0   LEN 78  PROT COLOR=BLUE
  FIELD OUTPUT12  AT 13,0   LEN 78  PROT COLOR=BLUE
  FIELD OUTPUT13  AT 14,0   LEN 78  PROT COLOR=BLUE
  FIELD OUTPUT14  AT 15,0   LEN 78  PROT COLOR=BLUE
  FIELD OUTPUT15  AT 16,0   LEN 78  PROT COLOR=BLUE
  FIELD OUTPUT16  AT 17,0   LEN 78  PROT COLOR=BLUE
  FIELD OUTPUT17  AT 18,0   LEN 78  PROT COLOR=BLUE
  FIELD OUTPUT18  AT 19,0   LEN 78  PROT COLOR=BLUE
  FIELD OUTPUT19  AT 20,0   LEN 78  PROT COLOR=BLUE
  FIELD OUTPUT20  AT 21,0   LEN 78  PROT COLOR=BLUE
  FIELD OUTPUT21  AT 22,0   LEN 78  PROT COLOR=BLUE
  FIELD OUTPUT22  AT 23,0   LEN 78  PROT COLOR=BLUE
  FIELD OUTPUT23  AT 24,0   LEN 78  PROT COLOR=BLUE
  FIELD OUTPUT24  AT 25,0   LEN 78  PROT COLOR=BLUE
  FIELD OUTPUT25  AT 26,0   LEN 78  PROT COLOR=BLUE
  FIELD OUTPUT26  AT 27,0   LEN 78  PROT COLOR=BLUE
  FIELD OUTPUT27  AT 28,0   LEN 78  PROT COLOR=BLUE
  FIELD OUTPUT28  AT 29,0   LEN 78  PROT COLOR=BLUE
  FIELD OUTPUT29  AT 30,0   LEN 78  PROT COLOR=BLUE
  FIELD OUTPUT30  AT 31,0   LEN 78  PROT COLOR=BLUE
  FIELD OUTPUT31  AT 32,0   LEN 78  PROT COLOR=BLUE
  FIELD OUTPUT32  AT 33,0   LEN 78  PROT COLOR=BLUE
  FIELD OUTPUT33  AT 34,0   LEN 78  PROT COLOR=BLUE
  FIELD OUTPUT34  AT 35,0   LEN 78  PROT COLOR=BLUE
  FIELD OUTPUT35  AT 36,0   LEN 78  PROT COLOR=BLUE
  FIELD OUTPUT36  AT 37,0   LEN 78  PROT COLOR=BLUE
  FIELD OUTPUT37  AT 38,0   LEN 78  PROT COLOR=BLUE
  FIELD OUTPUT38  AT 39,0   LEN 78  PROT COLOR=BLUE

  FIELD           AT 40,0   LEN 3   PROT                      "==>"
  INPUT OPTION    AT 40,4   LEN 75  UNDERSCORE COLOR=CYAN
  STOP            AT 40,79

  INPUT MSG       AT 41,0   LEN 79  PROT COLOR=RED
  FIELD           AT 42,0   LEN 78  PROT COLOR=BLUE           "F1=Help  F2=Find  F3=Exit  F4=Recall  PF5=Refresh  F7/8=Up/Down  F6/9=Top/Bot"
  CURSOR          AT OPTION
ENDMAP

MAP JSONHELP SIZE 43x80
  FIELD           AT 0 ,0   LEN 13  PROT COLOR=YELLOW         "JSON Explorer"
  FIELD           AT 0 ,14  LEN 5   PROT COLOR=RED            "HELP!"
  FIELD FIND_TEXT AT 0 ,28  LEN 15  PROT COLOR=WHITE
  FIELD           AT 0 ,20  LEN 7   PROT COLOR=CYAN    "Search:"
  INPUT SCROLL    AT 0 ,52  LEN 5   UNDERSCORE COLOR=WHITE
  STOP            AT 0 ,58
  FIELD           AT 0 ,44  LEN 7   PROT COLOR=CYAN    "Scroll:"
  FIELD CUR_PAGE  AT 0 ,64  LEN 5   PROT COLOR=WHITE
  FIELD           AT 0 ,58  LEN 5   PROT COLOR=CYAN    "Page:"
  FIELD PAGE_CNT  AT 0 ,74  LEN 4   PROT COLOR=WHITE
  FIELD           AT 0 ,70  LEN 4   PROT COLOR=CYAN    "Of:"

  FIELD CUR_TOPIC AT 1 ,0   LEN 78  PROT COLOR=WHITE

  FIELD OUTPUT1   AT 2 ,0   LEN 78  PROT COLOR=BLUE
  FIELD OUTPUT2   AT 3 ,0   LEN 78  PROT COLOR=BLUE
  FIELD OUTPUT3   AT 4 ,0   LEN 78  PROT COLOR=BLUE
  FIELD OUTPUT4   AT 5 ,0   LEN 78  PROT COLOR=BLUE
  FIELD OUTPUT5   AT 6 ,0   LEN 78  PROT COLOR=BLUE
  FIELD OUTPUT6   AT 7 ,0   LEN 78  PROT COLOR=BLUE
  FIELD OUTPUT7   AT 8 ,0   LEN 78  PROT COLOR=BLUE
  FIELD OUTPUT8   AT 9 ,0   LEN 78  PROT COLOR=BLUE
  FIELD OUTPUT9   AT 10,0   LEN 78  PROT COLOR=BLUE
  FIELD OUTPUT10  AT 11,0   LEN 78  PROT COLOR=BLUE
  FIELD OUTPUT11  AT 12,0   LEN 78  PROT COLOR=BLUE
  FIELD OUTPUT12  AT 13,0   LEN 78  PROT COLOR=BLUE
  FIELD OUTPUT13  AT 14,0   LEN 78  PROT COLOR=BLUE
  FIELD OUTPUT14  AT 15,0   LEN 78  PROT COLOR=BLUE
  FIELD OUTPUT15  AT 16,0   LEN 78  PROT COLOR=BLUE
  FIELD OUTPUT16  AT 17,0   LEN 78  PROT COLOR=BLUE
  FIELD OUTPUT17  AT 18,0   LEN 78  PROT COLOR=BLUE
  FIELD OUTPUT18  AT 19,0   LEN 78  PROT COLOR=BLUE
  FIELD OUTPUT19  AT 20,0   LEN 78  PROT COLOR=BLUE
  FIELD OUTPUT20  AT 21,0   LEN 78  PROT COLOR=BLUE
  FIELD OUTPUT21  AT 22,0   LEN 78  PROT COLOR=BLUE
  FIELD OUTPUT22  AT 23,0   LEN 78  PROT COLOR=BLUE
  FIELD OUTPUT23  AT 24,0   LEN 78  PROT COLOR=BLUE
  FIELD OUTPUT24  AT 25,0   LEN 78  PROT COLOR=BLUE
  FIELD OUTPUT25  AT 26,0   LEN 78  PROT COLOR=BLUE
  FIELD OUTPUT26  AT 27,0   LEN 78  PROT COLOR=BLUE
  FIELD OUTPUT27  AT 28,0   LEN 78  PROT COLOR=BLUE
  FIELD OUTPUT28  AT 29,0   LEN 78  PROT COLOR=BLUE
  FIELD OUTPUT29  AT 30,0   LEN 78  PROT COLOR=BLUE
  FIELD OUTPUT30  AT 31,0   LEN 78  PROT COLOR=BLUE
  FIELD OUTPUT31  AT 32,0   LEN 78  PROT COLOR=BLUE
  FIELD OUTPUT32  AT 33,0   LEN 78  PROT COLOR=BLUE
  FIELD OUTPUT33  AT 34,0   LEN 78  PROT COLOR=BLUE
  FIELD OUTPUT34  AT 35,0   LEN 78  PROT COLOR=BLUE
  FIELD OUTPUT35  AT 36,0   LEN 78  PROT COLOR=BLUE
  FIELD OUTPUT36  AT 37,0   LEN 78  PROT COLOR=BLUE
  FIELD OUTPUT37  AT 38,0   LEN 78  PROT COLOR=BLUE
  FIELD OUTPUT38  AT 39,0   LEN 78  PROT COLOR=BLUE

  FIELD           AT 40,0   LEN 3   PROT                      "==>"
  INPUT OPTION    AT 40,4   LEN 75  UNDERSCORE COLOR=CYAN
  STOP            AT 40,79

  INPUT MSG       AT 41,0   LEN 79  PROT COLOR=RED
  FIELD           AT 42,0   LEN 78  PROT COLOR=BLUE           "F1=Help  F2=Find  F3=Exit  F4=Recall              F7/8=Up/Down  F6/9=Top/Bot"
  CURSOR          AT OPTION
ENDMAP

MAP JSONPRETTY SIZE 43x80
  FIELD           AT 0 ,0   LEN 13  PROT COLOR=YELLOW         "JSON Explorer"
  FIELD           AT 1 ,0   LEN 12  PROT COLOR=WHITE          "Pretty Print"
  FIELD FIND_TEXT AT 0 ,28  LEN 15  PROT COLOR=WHITE
  FIELD           AT 0 ,20  LEN 7   PROT COLOR=CYAN    "Search:"
  INPUT SCROLL    AT 0 ,52  LEN 5   UNDERSCORE COLOR=WHITE
  STOP            AT 0 ,58
  FIELD           AT 0 ,44  LEN 7   PROT COLOR=CYAN    "Scroll:"
  FIELD CUR_PAGE  AT 0 ,64  LEN 5   PROT COLOR=WHITE
  FIELD           AT 0 ,58  LEN 5   PROT COLOR=CYAN    "Page:"
  FIELD PAGE_CNT  AT 0 ,74  LEN 4   PROT COLOR=WHITE
  FIELD           AT 0 ,70  LEN 4   PROT COLOR=CYAN    "Of:"

  FIELD OUTPUT1   AT 2 ,0   LEN 78  PROT COLOR=BLUE
  FIELD OUTPUT2   AT 3 ,0   LEN 78  PROT COLOR=BLUE
  FIELD OUTPUT3   AT 4 ,0   LEN 78  PROT COLOR=BLUE
  FIELD OUTPUT4   AT 5 ,0   LEN 78  PROT COLOR=BLUE
  FIELD OUTPUT5   AT 6 ,0   LEN 78  PROT COLOR=BLUE
  FIELD OUTPUT6   AT 7 ,0   LEN 78  PROT COLOR=BLUE
  FIELD OUTPUT7   AT 8 ,0   LEN 78  PROT COLOR=BLUE
  FIELD OUTPUT8   AT 9 ,0   LEN 78  PROT COLOR=BLUE
  FIELD OUTPUT9   AT 10,0   LEN 78  PROT COLOR=BLUE
  FIELD OUTPUT10  AT 11,0   LEN 78  PROT COLOR=BLUE
  FIELD OUTPUT11  AT 12,0   LEN 78  PROT COLOR=BLUE
  FIELD OUTPUT12  AT 13,0   LEN 78  PROT COLOR=BLUE
  FIELD OUTPUT13  AT 14,0   LEN 78  PROT COLOR=BLUE
  FIELD OUTPUT14  AT 15,0   LEN 78  PROT COLOR=BLUE
  FIELD OUTPUT15  AT 16,0   LEN 78  PROT COLOR=BLUE
  FIELD OUTPUT16  AT 17,0   LEN 78  PROT COLOR=BLUE
  FIELD OUTPUT17  AT 18,0   LEN 78  PROT COLOR=BLUE
  FIELD OUTPUT18  AT 19,0   LEN 78  PROT COLOR=BLUE
  FIELD OUTPUT19  AT 20,0   LEN 78  PROT COLOR=BLUE
  FIELD OUTPUT20  AT 21,0   LEN 78  PROT COLOR=BLUE
  FIELD OUTPUT21  AT 22,0   LEN 78  PROT COLOR=BLUE
  FIELD OUTPUT22  AT 23,0   LEN 78  PROT COLOR=BLUE
  FIELD OUTPUT23  AT 24,0   LEN 78  PROT COLOR=BLUE
  FIELD OUTPUT24  AT 25,0   LEN 78  PROT COLOR=BLUE
  FIELD OUTPUT25  AT 26,0   LEN 78  PROT COLOR=BLUE
  FIELD OUTPUT26  AT 27,0   LEN 78  PROT COLOR=BLUE
  FIELD OUTPUT27  AT 28,0   LEN 78  PROT COLOR=BLUE
  FIELD OUTPUT28  AT 29,0   LEN 78  PROT COLOR=BLUE
  FIELD OUTPUT29  AT 30,0   LEN 78  PROT COLOR=BLUE
  FIELD OUTPUT30  AT 31,0   LEN 78  PROT COLOR=BLUE
  FIELD OUTPUT31  AT 32,0   LEN 78  PROT COLOR=BLUE
  FIELD OUTPUT32  AT 33,0   LEN 78  PROT COLOR=BLUE
  FIELD OUTPUT33  AT 34,0   LEN 78  PROT COLOR=BLUE
  FIELD OUTPUT34  AT 35,0   LEN 78  PROT COLOR=BLUE
  FIELD OUTPUT35  AT 36,0   LEN 78  PROT COLOR=BLUE
  FIELD OUTPUT36  AT 37,0   LEN 78  PROT COLOR=BLUE
  FIELD OUTPUT37  AT 38,0   LEN 78  PROT COLOR=BLUE
  FIELD OUTPUT38  AT 39,0   LEN 78  PROT COLOR=BLUE

  FIELD           AT 40,0   LEN 3   PROT                      "==>"
  INPUT OPTION    AT 40,4   LEN 75  UNDERSCORE COLOR=CYAN
  STOP            AT 40,79

  INPUT MSG       AT 41,0   LEN 79  PROT COLOR=RED
  FIELD           AT 42,0   LEN 78  PROT COLOR=BLUE           "F1=Help  F2=Find  F3=Exit  F4=Recall              F7/8=Up/Down  F6/9=Top/Bot"
  CURSOR          AT OPTION
ENDMAP

MAP JSONTESTS SIZE 43x80
  FIELD           AT 0 ,0   LEN 10  PROT COLOR=YELLOW         "JSON Tests"
  
  INPUT SCROLL    AT 0 ,26  LEN 5   UNDERSCORE COLOR=WHITE
  STOP            AT 0 ,32
  FIELD           AT 0 ,18  LEN 7   PROT COLOR=CYAN    "Scroll:"
  FIELD CUR_PAGE  AT 0 ,41  LEN 5   PROT COLOR=WHITE
  FIELD           AT 0 ,35  LEN 5   PROT COLOR=CYAN    "Page:"
  FIELD PAGE_CNT  AT 0 ,55  LEN 4   PROT COLOR=WHITE
  FIELD           AT 0 ,51  LEN 4   PROT COLOR=CYAN    "Of:"

  FIELD           AT 1 ,0   LEN 9   PROT COLOR=CYAN    "Test Name"
  FIELD TTOTAL    AT 1 ,26  LEN 4   PROT COLOR=WHITE
  FIELD           AT 1 ,19  LEN 6   PROT COLOR=CYAN    "Total:"
  FIELD TPASS     AT 1 ,41  LEN 4   PROT COLOR=WHITE
  FIELD           AT 1 ,33  LEN 7   PROT COLOR=CYAN    "Passed:"
  FIELD TFAIL     AT 1 ,55  LEN 4   PROT COLOR=WHITE
  FIELD           AT 1 ,47  LEN 7   PROT COLOR=CYAN    "Failed:"
  FIELD           AT 1 ,68  LEN 2   PROT COLOR=CYAN    "RC"
  FIELD           AT 1 ,72  LEN 6   PROT COLOR=CYAN    "Status"

  FIELD OUTPUT1   AT 2 ,0   LEN 78  PROT COLOR=BLUE
  FIELD OUTPUT2   AT 3 ,0   LEN 78  PROT COLOR=BLUE
  FIELD OUTPUT3   AT 4 ,0   LEN 78  PROT COLOR=BLUE
  FIELD OUTPUT4   AT 5 ,0   LEN 78  PROT COLOR=BLUE
  FIELD OUTPUT5   AT 6 ,0   LEN 78  PROT COLOR=BLUE
  FIELD OUTPUT6   AT 7 ,0   LEN 78  PROT COLOR=BLUE
  FIELD OUTPUT7   AT 8 ,0   LEN 78  PROT COLOR=BLUE
  FIELD OUTPUT8   AT 9 ,0   LEN 78  PROT COLOR=BLUE
  FIELD OUTPUT9   AT 10,0   LEN 78  PROT COLOR=BLUE
  FIELD OUTPUT10  AT 11,0   LEN 78  PROT COLOR=BLUE
  FIELD OUTPUT11  AT 12,0   LEN 78  PROT COLOR=BLUE
  FIELD OUTPUT12  AT 13,0   LEN 78  PROT COLOR=BLUE
  FIELD OUTPUT13  AT 14,0   LEN 78  PROT COLOR=BLUE
  FIELD OUTPUT14  AT 15,0   LEN 78  PROT COLOR=BLUE
  FIELD OUTPUT15  AT 16,0   LEN 78  PROT COLOR=BLUE
  FIELD OUTPUT16  AT 17,0   LEN 78  PROT COLOR=BLUE
  FIELD OUTPUT17  AT 18,0   LEN 78  PROT COLOR=BLUE
  FIELD OUTPUT18  AT 19,0   LEN 78  PROT COLOR=BLUE
  FIELD OUTPUT19  AT 20,0   LEN 78  PROT COLOR=BLUE
  FIELD OUTPUT20  AT 21,0   LEN 78  PROT COLOR=BLUE
  FIELD OUTPUT21  AT 22,0   LEN 78  PROT COLOR=BLUE
  FIELD OUTPUT22  AT 23,0   LEN 78  PROT COLOR=BLUE
  FIELD OUTPUT23  AT 24,0   LEN 78  PROT COLOR=BLUE
  FIELD OUTPUT24  AT 25,0   LEN 78  PROT COLOR=BLUE
  FIELD OUTPUT25  AT 26,0   LEN 78  PROT COLOR=BLUE
  FIELD OUTPUT26  AT 27,0   LEN 78  PROT COLOR=BLUE
  FIELD OUTPUT27  AT 28,0   LEN 78  PROT COLOR=BLUE
  FIELD OUTPUT28  AT 29,0   LEN 78  PROT COLOR=BLUE
  FIELD OUTPUT29  AT 30,0   LEN 78  PROT COLOR=BLUE
  FIELD OUTPUT30  AT 31,0   LEN 78  PROT COLOR=BLUE
  FIELD OUTPUT31  AT 32,0   LEN 78  PROT COLOR=BLUE
  FIELD OUTPUT32  AT 33,0   LEN 78  PROT COLOR=BLUE
  FIELD OUTPUT33  AT 34,0   LEN 78  PROT COLOR=BLUE
  FIELD OUTPUT34  AT 35,0   LEN 78  PROT COLOR=BLUE
  FIELD OUTPUT35  AT 36,0   LEN 78  PROT COLOR=BLUE
  FIELD OUTPUT36  AT 37,0   LEN 78  PROT COLOR=BLUE
  FIELD OUTPUT37  AT 38,0   LEN 78  PROT COLOR=BLUE
  FIELD OUTPUT38  AT 39,0   LEN 78  PROT COLOR=BLUE

  FIELD           AT 40,0   LEN 3   PROT                      "==>"
  INPUT OPTION    AT 40,4   LEN 75  UNDERSCORE COLOR=CYAN
  STOP            AT 40,79

  INPUT MSG       AT 41,0   LEN 79  PROT COLOR=RED
  FIELD           AT 42,0   LEN 78  PROT COLOR=BLUE           "F1=Help  F2=Find  F3=Exit  F4=Recall              F7/8=Up/Down  F6/9=Top/Bot"
  CURSOR          AT OPTION
ENDMAP

MAP METRICSDEMO SIZE 24x80
  FIELD           AT 0 ,0   LEN 26  PROT COLOR=BLUE           "JSON DEMO - Bricks Metrics"

  FIELD USERID    AT 0 ,48  LEN 6   PROT COLOR=CYAN
  FIELD           AT 0 ,43  LEN 5   PROT COLOR=CYAN    "USER="
  FIELD TERMID    AT 0 ,63  LEN 6   PROT COLOR=CYAN
  FIELD           AT 0 ,56  LEN 7   PROT COLOR=CYAN    "| TERM="
  FIELD TIME      AT 0 ,71  LEN 8   PROT COLOR=CYAN
  FIELD           AT 0 ,69  LEN 6   PROT COLOR=CYAN    "|"

  FIELD           AT 2 ,0   LEN 8   PROT COLOR=CYAN    "Process:"
  FIELD UPTIME    AT 3 ,15  LEN 11  PROT COLOR=RED
  FIELD           AT 3 ,0   LEN 6   PROT COLOR=BLUE    "Uptime"
  FIELD MEM_HEAP  AT 4 ,15  LEN 11  PROT COLOR=RED
  FIELD           AT 4 ,0   LEN 13  PROT COLOR=BLUE    "Memory (heap)"
  FIELD MEM_SYS   AT 5 ,15  LEN 11  PROT COLOR=RED
  FIELD           AT 5 ,0   LEN 12  PROT COLOR=BLUE    "Memory (sys)"
  FIELD MEM_OBJ   AT 6 ,14  LEN 10  PROT COLOR=RED
  FIELD           AT 6 ,0   LEN 12  PROT COLOR=BLUE    "Heap objects"

  FIELD           AT 8 ,0   LEN 3   PROT COLOR=CYAN    "GC:"
  FIELD GC_NUM    AT 9 ,15  LEN 11  PROT COLOR=RED
  FIELD           AT 9 ,0   LEN 11  PROT COLOR=BLUE    "Collections"
  FIELD GC_LAST   AT 10,15  LEN 11  PROT COLOR=RED
  FIELD           AT 10,0   LEN 10  PROT COLOR=BLUE    "Last Pause"
  FIELD GC_TOTAL  AT 11,15  LEN 11  PROT COLOR=RED
  FIELD           AT 11,0   LEN 11  PROT COLOR=BLUE    "Total Pause"

  FIELD           AT 13,0   LEN 4   PROT COLOR=CYAN    "CPU:"
  FIELD CPU_USER  AT 14,15  LEN 11  PROT COLOR=RED
  FIELD           AT 14,0   LEN 4   PROT COLOR=BLUE    "User"
  FIELD CPU_SYS   AT 15,15  LEN 11  PROT COLOR=RED
  FIELD           AT 15,0   LEN 3   PROT COLOR=BLUE    "SYS"

  FIELD           AT 17,0   LEN 8   PROT COLOR=CYAN    "Runtime:"
  FIELD RUN_GOR   AT 18,15  LEN 11  PROT COLOR=RED
  FIELD           AT 18,0   LEN 10  PROT COLOR=BLUE    "Goroutines"
  FIELD RUN_CPUS  AT 19,15  LEN 11  PROT COLOR=RED
  FIELD           AT 19,0   LEN 4   PROT COLOR=BLUE    "CPUs"
  FIELD RUN_GOV   AT 21,15  LEN 11  PROT COLOR=RED
  FIELD           AT 21,0   LEN 10  PROT COLOR=BLUE    "GO Version"

  FIELD           AT 2 ,30  LEN 9   PROT COLOR=CYAN    "Registry:"
  FIELD REG_TERM  AT 3 ,47  LEN 6   PROT COLOR=RED
  FIELD           AT 3 ,30  LEN 16  PROT COLOR=BLUE    "Active Terminals"
  FIELD REG_SON   AT 4 ,47  LEN 6   PROT COLOR=RED
  FIELD           AT 4 ,30  LEN 12  PROT COLOR=BLUE    "Active Users"
  FIELD REG_ATXN  AT 5 ,47  LEN 6   PROT COLOR=RED
  FIELD           AT 5 ,30  LEN 12  PROT COLOR=BLUE    "Active Trans"
  FIELD REG_FILE  AT 7 ,47  LEN 6   PROT COLOR=RED
  FIELD           AT 7 ,30  LEN 11  PROT COLOR=BLUE    "Known Files"
  FIELD REG_ACPT  AT 9 ,47  LEN 6   PROT COLOR=RED
  FIELD           AT 9 ,30  LEN 7   PROT COLOR=BLUE    "Accepts"
  FIELD REG_REJT  AT 10,47  LEN 6   PROT COLOR=RED
  FIELD           AT 10,30  LEN 7   PROT COLOR=BLUE    "Rejects"
  FIELD REG_AS    AT 12,47  LEN 6   PROT COLOR=RED
  FIELD           AT 12,30  LEN 12  PROT COLOR=BLUE    "Auth Success"
  FIELD REG_AF    AT 13,47  LEN 6   PROT COLOR=RED
  FIELD           AT 13,30  LEN 12  PROT COLOR=BLUE    "Auth Failure"
  FIELD REG_TTR   AT 15,47  LEN 6   PROT COLOR=RED
  FIELD           AT 15,30  LEN 13  PROT COLOR=BLUE    "Total TXN Run"
  FIELD REG_TTF   AT 16,47  LEN 6   PROT COLOR=RED
  FIELD           AT 16,30  LEN 16  PROT COLOR=BLUE    "Total TXN Failed"

  FIELD           AT 18,30  LEN 9   PROT COLOR=CYAN    "Server Date/Time:"
  FIELD WALL      AT 19,43  LEN 10  PROT COLOR=RED
  FIELD           AT 19,30  LEN 10  PROT COLOR=BLUE    "Unix Epoch"
  FIELD SDATE     AT 20,43  LEN 10  PROT COLOR=RED
  FIELD           AT 20,30  LEN 10  PROT COLOR=BLUE    "Server Date"
  FIELD STIME     AT 21,45  LEN 8   PROT COLOR=RED
  FIELD           AT 21,30  LEN 10  PROT COLOR=BLUE    "Server Time"

  FIELD           AT 2 ,56  LEN 10  PROT COLOR=CYAN    "CICS Exec:"
  FIELD CTOTAL    AT 3 ,68  LEN 8   PROT COLOR=RED
  FIELD           AT 3 ,56  LEN 5   PROT COLOR=BLUE    "Total"

  FIELD CVERB1    AT 4 ,56  LEN 8   PROT COLOR=BLUE
  FIELD CVERB2    AT 5 ,56  LEN 8   PROT COLOR=BLUE
  FIELD CVERB3    AT 6 ,56  LEN 8   PROT COLOR=BLUE
  FIELD CVERB4    AT 7 ,56  LEN 8   PROT COLOR=BLUE
  FIELD CVERB5    AT 8 ,56  LEN 8   PROT COLOR=BLUE
  FIELD CVERB6    AT 9 ,56  LEN 8   PROT COLOR=BLUE
  FIELD CVERB7    AT 10,56  LEN 8   PROT COLOR=BLUE
  FIELD CVERB8    AT 11,56  LEN 8   PROT COLOR=BLUE
  FIELD CVERB9    AT 12,56  LEN 8   PROT COLOR=BLUE
  FIELD CVERB10   AT 13,56  LEN 8   PROT COLOR=BLUE
  FIELD CVERB11   AT 14,56  LEN 8   PROT COLOR=BLUE
  FIELD CVERB12   AT 15,56  LEN 8   PROT COLOR=BLUE
  FIELD CVERB13   AT 16,56  LEN 8   PROT COLOR=BLUE
  FIELD CVERB14   AT 17,56  LEN 8   PROT COLOR=BLUE
  FIELD CVERB15   AT 18,56  LEN 8   PROT COLOR=BLUE
  FIELD CVERB16   AT 19,56  LEN 8   PROT COLOR=BLUE
  FIELD CVERB17   AT 20,56  LEN 8   PROT COLOR=BLUE
  FIELD CVERB18   AT 21,56  LEN 8   PROT COLOR=BLUE

  FIELD CVALUE1   AT 4 ,68  LEN 8   PROT COLOR=RED
  FIELD CVALUE2   AT 5 ,68  LEN 8   PROT COLOR=RED
  FIELD CVALUE3   AT 6 ,68  LEN 8   PROT COLOR=RED
  FIELD CVALUE4   AT 7 ,68  LEN 8   PROT COLOR=RED
  FIELD CVALUE5   AT 8 ,68  LEN 8   PROT COLOR=RED
  FIELD CVALUE6   AT 9 ,68  LEN 8   PROT COLOR=RED
  FIELD CVALUE7   AT 10,68  LEN 8   PROT COLOR=RED
  FIELD CVALUE8   AT 11,68  LEN 8   PROT COLOR=RED
  FIELD CVALUE9   AT 12,68  LEN 8   PROT COLOR=RED
  FIELD CVALUE10  AT 13,68  LEN 8   PROT COLOR=RED
  FIELD CVALUE11  AT 14,68  LEN 8   PROT COLOR=RED
  FIELD CVALUE12  AT 15,68  LEN 8   PROT COLOR=RED
  FIELD CVALUE13  AT 16,68  LEN 8   PROT COLOR=RED
  FIELD CVALUE14  AT 17,68  LEN 8   PROT COLOR=RED
  FIELD CVALUE15  AT 18,68  LEN 8   PROT COLOR=RED
  FIELD CVALUE16  AT 19,68  LEN 8   PROT COLOR=RED
  FIELD CVALUE17  AT 20,68  LEN 8   PROT COLOR=RED
  FIELD CVALUE18  AT 21,68  LEN 8   PROT COLOR=RED

  INPUT MSG       AT 22,0   LEN 79  PROT COLOR=RED
  FIELD           AT 23,0   LEN 78  PROT COLOR=BLUE           "ENTER=Refresh  PF3=Exit  PF5=Refresh"
  CURSOR          AT 23,79
ENDMAP
